// Jest Snapshot v1, https://goo.gl/fbAQLP

exports[`CallButtons should render 1`] = `
<DocumentFragment>
  <div
    class="md-flex-wrapper md-flex-direction-row md-flex-justify-content-flex-start md-flex-align-items-center md-flex-align-content-flex-start md-flex-nowrap"
    data-xgap="true"
    data-ygap="false"
    style="--md-globals-flex-xgap-size: 32px;"
  >
    <div
      class="md-flex-wrapper md-flex-direction-column md-flex-justify-content-flex-start md-flex-align-items-center md-flex-align-content-flex-start md-flex-nowrap"
      data-xgap="false"
      data-ygap="true"
      style="--md-globals-flex-ygap-size: 8px;"
    >
      <button
        aria-label="makeAudioCallTo"
        class="md-button-circle-wrapper md-button-simple-wrapper"
        data-color="join"
        data-disabled="false"
        data-ghost="false"
        data-multiple-children="false"
        data-outline="false"
        data-size="52"
        type="button"
      />
      <p
        class="md-text-wrapper"
        data-type="body-primary"
      >
        audio
      </p>
    </div>
    <div
      class="md-flex-wrapper md-flex-direction-column md-flex-justify-content-flex-start md-flex-align-items-center md-flex-align-content-flex-start md-flex-nowrap"
      data-xgap="false"
      data-ygap="true"
      style="--md-globals-flex-ygap-size: 8px;"
    >
      <button
        aria-label="makeVideoCallTo"
        class="md-button-circle-wrapper md-button-simple-wrapper"
        data-color="join"
        data-disabled="false"
        data-ghost="false"
        data-multiple-children="false"
        data-outline="false"
        data-size="52"
        type="button"
      />
      <p
        class="md-text-wrapper"
        data-type="body-primary"
      >
        video
      </p>
    </div>
  </div>
</DocumentFragment>
`;

exports[`CallButtons show disabled state on empty address 1`] = `
<DocumentFragment>
  <div
    class="md-flex-wrapper md-flex-direction-row md-flex-justify-content-flex-start md-flex-align-items-center md-flex-align-content-flex-start md-flex-nowrap"
    data-xgap="true"
    data-ygap="false"
    style="--md-globals-flex-xgap-size: 32px;"
  >
    <div
      class="md-flex-wrapper md-flex-direction-column md-flex-justify-content-flex-start md-flex-align-items-center md-flex-align-content-flex-start md-flex-nowrap"
      data-xgap="false"
      data-ygap="true"
      style="--md-globals-flex-ygap-size: 8px;"
    >
      <button
        aria-label="makeAudioCallTo"
        class="md-button-circle-wrapper md-button-simple-wrapper"
        data-color="join"
        data-disabled="true"
        data-ghost="false"
        data-multiple-children="false"
        data-outline="false"
        data-size="52"
        disabled=""
        type="button"
      />
      <p
        class="md-text-wrapper"
        data-type="body-primary"
      >
        audio
      </p>
    </div>
    <div
      class="md-flex-wrapper md-flex-direction-column md-flex-justify-content-flex-start md-flex-align-items-center md-flex-align-content-flex-start md-flex-nowrap"
      data-xgap="false"
      data-ygap="true"
      style="--md-globals-flex-ygap-size: 8px;"
    >
      <button
        aria-label="makeVideoCallTo"
        class="md-button-circle-wrapper md-button-simple-wrapper"
        data-color="join"
        data-disabled="true"
        data-ghost="false"
        data-multiple-children="false"
        data-outline="false"
        data-size="52"
        disabled=""
        type="button"
      />
      <p
        class="md-text-wrapper"
        data-type="body-primary"
      >
        video
      </p>
    </div>
  </div>
</DocumentFragment>
`;

exports[`CallButtons show disabled state on filled address, disabled flag 1`] = `
<DocumentFragment>
  <div
    class="md-flex-wrapper md-flex-direction-row md-flex-justify-content-flex-start md-flex-align-items-center md-flex-align-content-flex-start md-flex-nowrap"
    data-xgap="true"
    data-ygap="false"
    style="--md-globals-flex-xgap-size: 32px;"
  >
    <div
      class="md-flex-wrapper md-flex-direction-column md-flex-justify-content-flex-start md-flex-align-items-center md-flex-align-content-flex-start md-flex-nowrap"
      data-xgap="false"
      data-ygap="true"
      style="--md-globals-flex-ygap-size: 8px;"
    >
      <button
        aria-label="makeAudioCallTo"
        class="md-button-circle-wrapper md-button-simple-wrapper"
        data-color="join"
        data-disabled="true"
        data-ghost="false"
        data-multiple-children="false"
        data-outline="false"
        data-size="52"
        disabled=""
        type="button"
      />
      <p
        class="md-text-wrapper"
        data-type="body-primary"
      >
        audio
      </p>
    </div>
    <div
      class="md-flex-wrapper md-flex-direction-column md-flex-justify-content-flex-start md-flex-align-items-center md-flex-align-content-flex-start md-flex-nowrap"
      data-xgap="false"
      data-ygap="true"
      style="--md-globals-flex-ygap-size: 8px;"
    >
      <button
        aria-label="makeVideoCallTo"
        class="md-button-circle-wrapper md-button-simple-wrapper"
        data-color="join"
        data-disabled="true"
        data-ghost="false"
        data-multiple-children="false"
        data-outline="false"
        data-size="52"
        disabled=""
        type="button"
      />
      <p
        class="md-text-wrapper"
        data-type="body-primary"
      >
        video
      </p>
    </div>
  </div>
</DocumentFragment>
`;
